MODEL	CA_RMSD	BB_RMSD	ALL_ATOM_RMSD	
1.pdb	0.00	0.00	0.11	
